1786174127.4 start
1786174127.8 launching chromium
1786174128.2 browser up
1786174128.3 context up
1786174130.1 loaded Plex's Pocket Keytar
1786174130.6 clicked drums
1786174131.1 clicked saw
1786174131.2 clicked rec_on
1786174131.2 scheduled riff n=32
1786174140.8 clicked rec_off
1786174141.3 clicked loop_on
1786174141.7 clicked square
1786174150.4 scheduled lead n=60
1786174171.4 clicked loop_off
1786174171.7 clicked drums_off
1786174173.3 performance done
1786174174.5 recorder stopped
1786174174.6 diag captured
1786174174.7 audio saved 671990 bytes
1786174174.8 closed browser
1786174174.8 log written
